
> fleetmada-next@0.1.0 build
> next build for errors: grep error build_output.txt

